// Jest Snapshot v1, https://goo.gl/fbAQLP

exports[`Intro Section renders correctly 1`] = `
<div
  className="sc-AxjAm kiCCiV sc-fznZeY dxuBCw"
>
  <div
    className="sc-AxhCb cPqAfH"
  >
    <div
      className="sc-AxhUy sc-AxgMl cpKqWr"
      onClick={[Function]}
    >
      <h1
        className="sc-AxheI sc-Axmtr hlBzfA"
      >
        George Washington
      </h1>
      <h2
        className="sc-AxmLO sc-fzozJi YwgyU"
      >
        SWE @ Apple
      </h2>
    </div>
    <div
      className="sc-fzoLsD bcHiPe"
    >
      <p
        dangerouslySetInnerHTML={
          Object {
            "__html": "I am the first President of the United States.",
          }
        }
      />
      <p
        dangerouslySetInnerHTML={
          Object {
            "__html": "I am very honest. I robbed an Apple store when I was 6 years old. When my dad confronted me about it, I told the truth. That's how I became the President of the United States.",
          }
        }
      />
      <p
        dangerouslySetInnerHTML={
          Object {
            "__html": "My website can be found <a href = \\"https://www.georgie.com\\">here</a>.",
          }
        }
      />
    </div>
  </div>
  <div
    className="sc-fzpans gAmEVq"
  >
    <div
      className="sc-fzplWN kNoqvi"
      onClick={[Function]}
    >
      <svg
        className="icon"
        fill="currentColor"
        height="42"
        stroke="currentColor"
        strokeWidth="0"
        style={
          Object {
            "color": undefined,
          }
        }
        viewBox="0 0 448 512"
        width="42"
        xmlns="http://www.w3.org/2000/svg"
      >
        <path
          d="M224 256c70.7 0 128-57.3 128-128S294.7 0 224 0 96 57.3 96 128s57.3 128 128 128zm89.6 32h-16.7c-22.2 10.2-46.9 16-72.9 16s-50.6-5.8-72.9-16h-16.7C60.2 288 0 348.2 0 422.4V464c0 26.5 21.5 48 48 48h352c26.5 0 48-21.5 48-48v-41.6c0-74.2-60.2-134.4-134.4-134.4z"
        />
      </svg>
      <div
        className="sc-fznKkj fsBdSp"
      >
        About Me!
      </div>
    </div>
    <div
      className="sc-fzplWN kNoqvi"
    >
      <a
        className="sc-fznyAO jolFEl"
        href="#science"
      >
        <svg
          className="icon"
          fill="currentColor"
          height="42"
          stroke="currentColor"
          strokeWidth="0"
          style={
            Object {
              "color": undefined,
            }
          }
          viewBox="0 0 448 512"
          width="42"
          xmlns="http://www.w3.org/2000/svg"
        >
          <path
            d="M437.2 403.5L320 215V64h8c13.3 0 24-10.7 24-24V24c0-13.3-10.7-24-24-24H120c-13.3 0-24 10.7-24 24v16c0 13.3 10.7 24 24 24h8v151L10.8 403.5C-18.5 450.6 15.3 512 70.9 512h306.2c55.7 0 89.4-61.5 60.1-108.5zM137.9 320l48.2-77.6c3.7-5.2 5.8-11.6 5.8-18.4V64h64v160c0 6.9 2.2 13.2 5.8 18.4l48.2 77.6h-172z"
          />
        </svg>
        <div
          className="sc-fznKkj fsBdSp"
        >
          My Science Experiments
        </div>
      </a>
    </div>
  </div>
</div>
`;
