// Jest Snapshot v1, https://goo.gl/fbAQLP

exports[`Projects Section renders correctly 1`] = `
<div
  className="sc-AxjAm kiCCiV"
/>
`;
